2025-12-10 00:24:03,722 [INFO] core.fetcher - === Début de la collecte API ===
2025-12-10 00:24:04,143 [INFO] core.fetcher - FETCH tmdb - https://api.themoviedb.org/3/trending/movie/week?api_key=e1c971e9aceac0f3784c3a3d15871a5e&page=1&language=en-US - status=200 latency=0.421s
2025-12-10 00:24:04,506 [INFO] core.fetcher - FETCH tmdb - https://api.themoviedb.org/3/trending/movie/week?api_key=e1c971e9aceac0f3784c3a3d15871a5e&page=2&language=en-US - status=200 latency=0.362s
2025-12-10 00:24:04,507 [INFO] core.fetcher - Données brutes sauvegardées dans data\raw\tmdb_trending_raw.json
2025-12-10 00:24:04,508 [INFO] core.fetcher - TMDb: 40 éléments récupérés
2025-12-10 00:24:04,675 [INFO] core.fetcher - FETCH omdb - http://www.omdbapi.com/?apikey=5290d92&t=Inception&plot=full - status=200 latency=0.167s
2025-12-10 00:24:04,839 [INFO] core.fetcher - FETCH omdb - http://www.omdbapi.com/?apikey=5290d92&t=The+Matrix&plot=full - status=200 latency=0.163s
2025-12-10 00:24:04,985 [INFO] core.fetcher - FETCH omdb - http://www.omdbapi.com/?apikey=5290d92&t=Fight+Club&plot=full - status=200 latency=0.146s
2025-12-10 00:24:05,148 [INFO] core.fetcher - FETCH omdb - http://www.omdbapi.com/?apikey=5290d92&t=Interstellar&plot=full - status=200 latency=0.163s
2025-12-10 00:24:05,307 [INFO] core.fetcher - FETCH omdb - http://www.omdbapi.com/?apikey=5290d92&t=The+Godfather&plot=full - status=200 latency=0.159s
2025-12-10 00:24:05,308 [INFO] core.fetcher - Données brutes sauvegardées dans data\raw\omdb_titles_raw.json
2025-12-10 00:24:05,308 [INFO] core.fetcher - OMDb: 5 éléments récupérés
2025-12-10 00:24:05,646 [INFO] core.fetcher - FETCH tvmaze - https://api.tvmaze.com/shows/1 - status=200 latency=0.337s
2025-12-10 00:24:05,987 [INFO] core.fetcher - FETCH tvmaze - https://api.tvmaze.com/shows/82 - status=200 latency=0.340s
2025-12-10 00:24:06,303 [INFO] core.fetcher - FETCH tvmaze - https://api.tvmaze.com/shows/431 - status=200 latency=0.315s
2025-12-10 00:24:06,620 [INFO] core.fetcher - FETCH tvmaze - https://api.tvmaze.com/shows/169 - status=200 latency=0.316s
2025-12-10 00:24:06,914 [INFO] core.fetcher - FETCH tvmaze - https://api.tvmaze.com/shows/143 - status=200 latency=0.293s
2025-12-10 00:24:06,916 [INFO] core.fetcher - Données brutes sauvegardées dans data\raw\tvmaze_shows_raw.json
2025-12-10 00:24:06,916 [INFO] core.fetcher - TVMaze: 5 éléments récupérés
2025-12-10 00:24:06,916 [INFO] core.fetcher - === Collecte terminée ===
2025-12-10 00:24:06,928 [INFO] core.cleaner - TMDb nettoyé : 40 enregistrements
2025-12-10 00:24:06,936 [INFO] core.cleaner - OMDb nettoyé : 5 enregistrements
2025-12-10 00:24:06,946 [INFO] core.cleaner - TVMaze nettoyé : 5 enregistrements
2025-12-10 00:24:06,946 [INFO] core.cleaner - Total enregistrements nettoyés : 50
2025-12-10 00:24:06,947 [INFO] core.cleaner - Fichier nettoyé créé : data\processed\clean_data.json
2025-12-10 01:09:49,548 [INFO] core.fetcher - === Début de la collecte API ===
2025-12-10 01:09:49,936 [INFO] core.fetcher - FETCH tmdb - https://api.themoviedb.org/3/trending/movie/week?api_key=e1c971e9aceac0f3784c3a3d15871a5e&page=1&language=en-US - status=200 latency=0.388s
2025-12-10 01:09:50,296 [INFO] core.fetcher - FETCH tmdb - https://api.themoviedb.org/3/trending/movie/week?api_key=e1c971e9aceac0f3784c3a3d15871a5e&page=2&language=en-US - status=200 latency=0.358s
2025-12-10 01:09:50,307 [INFO] core.fetcher - Données brutes sauvegardées dans data\raw\tmdb_trending_raw.json
2025-12-10 01:09:50,307 [INFO] core.fetcher - TMDb: 40 éléments récupérés
2025-12-10 01:09:50,479 [INFO] core.fetcher - FETCH omdb - http://www.omdbapi.com/?apikey=5290d92&t=Inception&plot=full - status=200 latency=0.172s
2025-12-10 01:09:50,631 [INFO] core.fetcher - FETCH omdb - http://www.omdbapi.com/?apikey=5290d92&t=The+Matrix&plot=full - status=200 latency=0.151s
2025-12-10 01:09:50,813 [INFO] core.fetcher - FETCH omdb - http://www.omdbapi.com/?apikey=5290d92&t=Fight+Club&plot=full - status=200 latency=0.182s
2025-12-10 01:09:50,977 [INFO] core.fetcher - FETCH omdb - http://www.omdbapi.com/?apikey=5290d92&t=Interstellar&plot=full - status=200 latency=0.163s
2025-12-10 01:09:51,143 [INFO] core.fetcher - FETCH omdb - http://www.omdbapi.com/?apikey=5290d92&t=The+Godfather&plot=full - status=200 latency=0.166s
2025-12-10 01:09:51,145 [INFO] core.fetcher - Données brutes sauvegardées dans data\raw\omdb_titles_raw.json
2025-12-10 01:09:51,146 [INFO] core.fetcher - OMDb: 5 éléments récupérés
2025-12-10 01:09:51,462 [INFO] core.fetcher - FETCH tvmaze - https://api.tvmaze.com/shows/1 - status=200 latency=0.316s
2025-12-10 01:09:51,746 [INFO] core.fetcher - FETCH tvmaze - https://api.tvmaze.com/shows/82 - status=200 latency=0.284s
2025-12-10 01:09:52,046 [INFO] core.fetcher - FETCH tvmaze - https://api.tvmaze.com/shows/431 - status=200 latency=0.298s
2025-12-10 01:09:52,327 [INFO] core.fetcher - FETCH tvmaze - https://api.tvmaze.com/shows/169 - status=200 latency=0.280s
2025-12-10 01:09:52,661 [INFO] core.fetcher - FETCH tvmaze - https://api.tvmaze.com/shows/143 - status=200 latency=0.333s
2025-12-10 01:09:52,668 [INFO] core.fetcher - Données brutes sauvegardées dans data\raw\tvmaze_shows_raw.json
2025-12-10 01:09:52,668 [INFO] core.fetcher - TVMaze: 5 éléments récupérés
2025-12-10 01:09:52,668 [INFO] core.fetcher - === Collecte terminée ===
2025-12-10 01:09:52,680 [INFO] core.cleaner - TMDb nettoyé : 40 enregistrements
2025-12-10 01:09:52,688 [INFO] core.cleaner - OMDb nettoyé : 5 enregistrements
2025-12-10 01:09:52,698 [INFO] core.cleaner - TVMaze nettoyé : 5 enregistrements
2025-12-10 01:09:52,698 [INFO] core.cleaner - Total enregistrements nettoyés : 50
2025-12-10 01:09:52,699 [INFO] core.cleaner - Fichier nettoyé créé : data\processed\clean_data.json
2025-12-10 01:09:52,699 [INFO] core.analyzer - === Début de l'analyse (analyzer) ===
2025-12-10 01:09:52,709 [INFO] core.analyzer - clean_data chargé : 50 lignes, 6 colonnes
2025-12-10 01:09:52,717 [INFO] core.analyzer - KPIs de base calculés.
2025-12-10 01:09:52,718 [INFO] core.analyzer - Top 100 mots-clés calculés.
2025-12-10 01:09:52,719 [INFO] core.analyzer - summary.json sauvegardé : reports\summary.json
2025-12-10 01:09:52,723 [INFO] core.analyzer - keywords.csv sauvegardé : reports\keywords.csv
2025-12-10 01:09:52,723 [INFO] core.analyzer - === Analyse terminée ===
2025-12-10 17:59:01,200 - __main__ - INFO - Structure de répertoires vérifiée
2025-12-10 17:59:01,200 - __main__ - INFO - === ÉTAPE 1: PIPELINE DE DONNÉES ===
2025-12-10 17:59:02,291 - __main__ - INFO - Collecte des données depuis les APIs...
2025-12-10 17:59:02,291 - core.fetcher - INFO - === Début de la collecte API ===
2025-12-10 17:59:02,291 - core.fetcher - INFO - Collecte TMDb...
2025-12-10 17:59:02,291 - core.fetcher - ERROR - TMDB_API_KEY manquante (None). Vérifie ton fichier .env.
2025-12-10 17:59:02,291 - core.fetcher - INFO - TMDb: 0 éléments récupérés
2025-12-10 17:59:02,291 - core.fetcher - INFO - Collecte OMDb...
2025-12-10 17:59:02,291 - core.fetcher - ERROR - OMDB_API_KEY manquante (None). Vérifie ton fichier .env.
2025-12-10 17:59:02,291 - core.fetcher - INFO - OMDb: 0 éléments récupérés
2025-12-10 17:59:02,291 - core.fetcher - INFO - Collecte TVMaze...
2025-12-10 17:59:02,382 - core.fetcher - INFO - FETCH tvmaze - https://api.tvmaze.com/shows/1 - status=200 latency=0.091s
2025-12-10 17:59:02,483 - core.fetcher - INFO - FETCH tvmaze - https://api.tvmaze.com/shows/82 - status=200 latency=0.100s
2025-12-10 17:59:02,569 - core.fetcher - INFO - FETCH tvmaze - https://api.tvmaze.com/shows/431 - status=200 latency=0.084s
2025-12-10 17:59:02,655 - core.fetcher - INFO - FETCH tvmaze - https://api.tvmaze.com/shows/169 - status=200 latency=0.085s
2025-12-10 17:59:02,740 - core.fetcher - INFO - FETCH tvmaze - https://api.tvmaze.com/shows/143 - status=200 latency=0.085s
2025-12-10 17:59:02,742 - core.fetcher - INFO - Données brutes sauvegardées dans data\raw\tvmaze_shows_raw.json
2025-12-10 17:59:02,742 - core.fetcher - INFO - TVMaze: 5 éléments récupérés
2025-12-10 17:59:02,742 - core.fetcher - INFO - Stats API sauvegardées : data\raw\api_stats.json
2025-12-10 17:59:02,743 - core.fetcher - INFO - === Collecte terminée ===
2025-12-10 17:59:02,743 - __main__ - INFO - Nettoyage et structuration des données...
2025-12-10 17:59:02,745 - core.cleaner - INFO - TMDb nettoyé : 40 enregistrements
2025-12-10 17:59:02,745 - core.cleaner - INFO - OMDb nettoyé : 5 enregistrements
2025-12-10 17:59:02,758 - core.cleaner - INFO - TVMaze nettoyé : 5 enregistrements
2025-12-10 17:59:02,758 - core.cleaner - INFO - Total enregistrements nettoyés : 50
2025-12-10 17:59:02,760 - core.cleaner - INFO - Format ML sauvegardé : data\processed\clean_data_ml.json
2025-12-10 17:59:02,760 - __main__ - INFO - ✅ Pipeline de données terminé
2025-12-10 17:59:02,761 - __main__ - INFO - === ÉTAPE 2: MACHINE LEARNING ===
2025-12-10 17:59:02,885 - __main__ - INFO - Extraction des features TF-IDF...
2025-12-10 17:59:02,922 - core.features - INFO - Données chargées: 50 textes de 3 sources
2025-12-10 17:59:02,922 - core.features - INFO - Création de la matrice TF-IDF...
2025-12-10 17:59:02,928 - core.features - INFO - Matrice TF-IDF créée: 50 documents x 189 features
2025-12-10 17:59:02,928 - core.features - INFO - Densité de la matrice: 0.0537
2025-12-10 17:59:02,931 - core.features - INFO - Features sauvegardées: data/processed/features.npz
2025-12-10 17:59:02,934 - core.features - INFO - Vectorizer sauvegardé: data/models/vectorizer.pkl
2025-12-10 17:59:02,934 - __main__ - INFO - Entraînement du modèle ML...
2025-12-10 17:59:02,934 - core.model - INFO - Entraînement K-Means avec 5 clusters...
2025-12-10 17:59:06,667 - core.model - INFO - Clustering terminé. Silhouette score: 0.018
2025-12-10 17:59:06,669 - core.model - INFO - Distribution des clusters: Counter({np.int32(0): 13, np.int32(4): 13, np.int32(2): 12, np.int32(3): 8, np.int32(1): 4})
2025-12-10 17:59:06,669 - core.model - INFO - Analyse des clusters terminée pour 5 clusters
2025-12-10 17:59:06,670 - core.model - INFO - Modèle sauvegardé: data/models/model.pkl
2025-12-10 17:59:06,670 - core.model - INFO - Résultats sauvegardés: data/processed/ml_results.json
2025-12-10 17:59:06,670 - __main__ - INFO - Test du système de recommandation...
2025-12-10 17:59:06,679 - core.recommender - INFO - Modèles chargés: 50 films disponibles
2025-12-10 17:59:06,681 - core.recommender - INFO - Recherche de films similaires à: 'epic space adventure'
2025-12-10 17:59:06,684 - core.recommender - INFO - Top 3 recommandations trouvées
2025-12-10 17:59:06,684 - core.recommender - INFO - Recherche de films similaires à: 'funny superhero comedy'
2025-12-10 17:59:06,685 - core.recommender - INFO - Top 3 recommandations trouvées
2025-12-10 17:59:06,687 - core.recommender - INFO - Recherche de films similaires à: 'scary horror monster'
2025-12-10 17:59:06,688 - core.recommender - INFO - Top 3 recommandations trouvées
2025-12-10 17:59:06,688 - core.recommender - INFO - Recherche de films similaires à: 'action car racing'
2025-12-10 17:59:06,691 - core.recommender - INFO - Top 3 recommandations trouvées
2025-12-10 17:59:06,693 - core.recommender - INFO - Rapport de recommandations créé
2025-12-10 17:59:06,693 - __main__ - INFO - ✅ Pipeline ML terminé
2025-12-10 17:59:06,693 - __main__ - INFO - === ÉTAPE 3: ANALYTICS & VISUALISATION ===
2025-12-10 17:59:07,021 - __main__ - INFO - Génération des visualisations...
2025-12-10 17:59:07,021 - core.viz - INFO - === Module viz.py - À IMPLÉMENTER PAR LYES ===
2025-12-10 17:59:07,021 - core.viz - WARNING - ⚠️  Les visualisations ne sont pas encore générées.
2025-12-10 17:59:07,023 - core.viz - WARNING - ⚠️  Lyes doit implémenter les fonctions de ce module.
2025-12-10 17:59:07,023 - __main__ - INFO - ✅ Pipeline analytics terminé
2025-12-10 17:59:07,023 - __main__ - INFO - === GÉNÉRATION DU RAPPORT FINAL ===
2025-12-10 17:59:07,024 - __main__ - INFO - ✅ Rapport final généré
2025-12-10 18:02:19,845 - __main__ - INFO - Structure de répertoires vérifiée
2025-12-10 18:02:19,845 - __main__ - INFO - === ÉTAPE 1: PIPELINE DE DONNÉES ===
2025-12-10 18:02:20,907 - __main__ - INFO - Collecte des données depuis les APIs...
2025-12-10 18:02:20,907 - core.fetcher - INFO - === Début de la collecte API ===
2025-12-10 18:02:20,907 - core.fetcher - INFO - Collecte TMDb...
2025-12-10 18:02:20,907 - core.fetcher - ERROR - TMDB_API_KEY manquante (None). Vérifie ton fichier .env.
2025-12-10 18:02:20,907 - core.fetcher - INFO - TMDb: 0 éléments récupérés
2025-12-10 18:02:20,907 - core.fetcher - INFO - Collecte OMDb...
2025-12-10 18:02:20,907 - core.fetcher - ERROR - OMDB_API_KEY manquante (None). Vérifie ton fichier .env.
2025-12-10 18:02:20,907 - core.fetcher - INFO - OMDb: 0 éléments récupérés
2025-12-10 18:02:20,907 - core.fetcher - INFO - Collecte TVMaze...
2025-12-10 18:02:21,041 - core.fetcher - INFO - FETCH tvmaze - https://api.tvmaze.com/shows/1 - status=200 latency=0.135s
2025-12-10 18:02:21,127 - core.fetcher - INFO - FETCH tvmaze - https://api.tvmaze.com/shows/82 - status=200 latency=0.086s
2025-12-10 18:02:21,214 - core.fetcher - INFO - FETCH tvmaze - https://api.tvmaze.com/shows/431 - status=200 latency=0.087s
2025-12-10 18:02:21,301 - core.fetcher - INFO - FETCH tvmaze - https://api.tvmaze.com/shows/169 - status=200 latency=0.085s
2025-12-10 18:02:21,385 - core.fetcher - INFO - FETCH tvmaze - https://api.tvmaze.com/shows/143 - status=200 latency=0.084s
2025-12-10 18:02:21,385 - core.fetcher - INFO - Données brutes sauvegardées dans data\raw\tvmaze_shows_raw.json
2025-12-10 18:02:21,386 - core.fetcher - INFO - TVMaze: 5 éléments récupérés
2025-12-10 18:02:21,386 - core.fetcher - INFO - Stats API sauvegardées : data\raw\api_stats.json
2025-12-10 18:02:21,386 - core.fetcher - INFO - === Collecte terminée ===
2025-12-10 18:02:21,386 - __main__ - INFO - Nettoyage et structuration des données...
2025-12-10 18:02:21,388 - core.cleaner - INFO - TMDb nettoyé : 40 enregistrements
2025-12-10 18:02:21,388 - core.cleaner - INFO - OMDb nettoyé : 5 enregistrements
2025-12-10 18:02:21,401 - core.cleaner - INFO - TVMaze nettoyé : 5 enregistrements
2025-12-10 18:02:21,401 - core.cleaner - INFO - Total enregistrements nettoyés : 50
2025-12-10 18:02:21,404 - core.cleaner - INFO - Format ML sauvegardé : data\processed\clean_data_ml.json
2025-12-10 18:02:21,404 - __main__ - INFO - ✅ Pipeline de données terminé
2025-12-10 18:02:21,404 - __main__ - INFO - === ÉTAPE 2: MACHINE LEARNING ===
2025-12-10 18:02:21,519 - __main__ - INFO - Extraction des features TF-IDF...
2025-12-10 18:02:21,526 - core.features - INFO - Données chargées: 50 textes de 3 sources
2025-12-10 18:02:21,526 - core.features - INFO - Création de la matrice TF-IDF...
2025-12-10 18:02:21,532 - core.features - INFO - Matrice TF-IDF créée: 50 documents x 189 features
2025-12-10 18:02:21,532 - core.features - INFO - Densité de la matrice: 0.0537
2025-12-10 18:02:21,534 - core.features - INFO - Features sauvegardées: data/processed/features.npz
2025-12-10 18:02:21,537 - core.features - INFO - Vectorizer sauvegardé: data/models/vectorizer.pkl
2025-12-10 18:02:21,537 - __main__ - INFO - Entraînement du modèle ML...
2025-12-10 18:02:21,537 - core.model - INFO - Entraînement K-Means avec 5 clusters...
2025-12-10 18:02:25,035 - core.model - INFO - Clustering terminé. Silhouette score: 0.018
2025-12-10 18:02:25,035 - core.model - INFO - Distribution des clusters: Counter({np.int32(0): 13, np.int32(4): 13, np.int32(2): 12, np.int32(3): 8, np.int32(1): 4})
2025-12-10 18:02:25,035 - core.model - INFO - Analyse des clusters terminée pour 5 clusters
2025-12-10 18:02:25,037 - core.model - INFO - Modèle sauvegardé: data/models/model.pkl
2025-12-10 18:02:25,037 - core.model - INFO - Résultats sauvegardés: data/processed/ml_results.json
2025-12-10 18:02:25,038 - __main__ - INFO - Test du système de recommandation...
2025-12-10 18:02:25,046 - core.recommender - INFO - Modèles chargés: 50 films disponibles
2025-12-10 18:02:25,048 - core.recommender - INFO - Recherche de films similaires à: 'epic space adventure'
2025-12-10 18:02:25,051 - core.recommender - INFO - Top 3 recommandations trouvées
2025-12-10 18:02:25,051 - core.recommender - INFO - Recherche de films similaires à: 'funny superhero comedy'
2025-12-10 18:02:25,054 - core.recommender - INFO - Top 3 recommandations trouvées
2025-12-10 18:02:25,054 - core.recommender - INFO - Recherche de films similaires à: 'scary horror monster'
2025-12-10 18:02:25,057 - core.recommender - INFO - Top 3 recommandations trouvées
2025-12-10 18:02:25,057 - core.recommender - INFO - Recherche de films similaires à: 'action car racing'
2025-12-10 18:02:25,061 - core.recommender - INFO - Top 3 recommandations trouvées
2025-12-10 18:02:25,061 - core.recommender - INFO - Rapport de recommandations créé
2025-12-10 18:02:25,061 - __main__ - INFO - ✅ Pipeline ML terminé
2025-12-10 18:02:25,063 - __main__ - INFO - === ÉTAPE 3: ANALYTICS & VISUALISATION ===
2025-12-10 18:02:25,376 - __main__ - INFO - Génération des visualisations...
2025-12-10 18:02:25,376 - core.viz - INFO - === Module viz.py - À IMPLÉMENTER PAR LYES ===
2025-12-10 18:02:25,376 - core.viz - WARNING - ⚠️  Les visualisations ne sont pas encore générées.
2025-12-10 18:02:25,376 - core.viz - WARNING - ⚠️  Lyes doit implémenter les fonctions de ce module.
2025-12-10 18:02:25,376 - __main__ - INFO - ✅ Pipeline analytics terminé
2025-12-10 18:02:25,376 - __main__ - INFO - === GÉNÉRATION DU RAPPORT FINAL ===
2025-12-10 18:02:25,378 - __main__ - INFO - ✅ Rapport final généré
2025-12-10 18:53:29,602 - __main__ - INFO - Structure de répertoires vérifiée
2025-12-10 18:53:29,602 - __main__ - INFO - === ÉTAPE 1: PIPELINE DE DONNÉES ===
2025-12-10 18:53:30,803 - __main__ - INFO - Collecte des données depuis les APIs...
2025-12-10 18:53:30,803 - core.fetcher - INFO - === Début de la collecte API ===
2025-12-10 18:53:30,803 - core.fetcher - INFO - Collecte TMDb...
2025-12-10 18:53:30,803 - core.fetcher - ERROR - TMDB_API_KEY manquante (None). Vérifie ton fichier .env.
2025-12-10 18:53:30,803 - core.fetcher - INFO - TMDb: 0 éléments récupérés
2025-12-10 18:53:30,803 - core.fetcher - INFO - Collecte OMDb...
2025-12-10 18:53:30,803 - core.fetcher - ERROR - OMDB_API_KEY manquante (None). Vérifie ton fichier .env.
2025-12-10 18:53:30,803 - core.fetcher - INFO - OMDb: 0 éléments récupérés
2025-12-10 18:53:30,805 - core.fetcher - INFO - Collecte TVMaze...
2025-12-10 18:53:30,906 - core.fetcher - INFO - FETCH tvmaze - https://api.tvmaze.com/shows/1 - status=200 latency=0.101s
2025-12-10 18:53:30,989 - core.fetcher - INFO - FETCH tvmaze - https://api.tvmaze.com/shows/82 - status=200 latency=0.083s
2025-12-10 18:53:31,072 - core.fetcher - INFO - FETCH tvmaze - https://api.tvmaze.com/shows/431 - status=200 latency=0.083s
2025-12-10 18:53:31,156 - core.fetcher - INFO - FETCH tvmaze - https://api.tvmaze.com/shows/169 - status=200 latency=0.084s
2025-12-10 18:53:31,241 - core.fetcher - INFO - FETCH tvmaze - https://api.tvmaze.com/shows/143 - status=200 latency=0.085s
2025-12-10 18:53:31,242 - core.fetcher - INFO - Données brutes sauvegardées dans data\raw\tvmaze_shows_raw.json
2025-12-10 18:53:31,242 - core.fetcher - INFO - TVMaze: 5 éléments récupérés
2025-12-10 18:53:31,242 - core.fetcher - INFO - Stats API sauvegardées : data\raw\api_stats.json
2025-12-10 18:53:31,242 - core.fetcher - INFO - === Collecte terminée ===
2025-12-10 18:53:31,242 - __main__ - INFO - Nettoyage et structuration des données...
2025-12-10 18:53:31,244 - core.cleaner - INFO - TMDb nettoyé : 40 enregistrements
2025-12-10 18:53:31,245 - core.cleaner - INFO - OMDb nettoyé : 5 enregistrements
2025-12-10 18:53:31,259 - core.cleaner - INFO - TVMaze nettoyé : 5 enregistrements
2025-12-10 18:53:31,259 - core.cleaner - INFO - Total enregistrements nettoyés : 50
2025-12-10 18:53:31,261 - core.cleaner - INFO - Format ML sauvegardé : data\processed\clean_data_ml.json
2025-12-10 18:53:31,262 - __main__ - INFO - ✅ Pipeline de données terminé
2025-12-10 18:53:31,262 - __main__ - INFO - === ÉTAPE 2: MACHINE LEARNING ===
2025-12-10 18:53:31,388 - __main__ - INFO - Extraction des features TF-IDF...
2025-12-10 18:53:31,395 - core.features - INFO - Données chargées: 50 textes de 3 sources
2025-12-10 18:53:31,397 - core.features - INFO - Création de la matrice TF-IDF...
2025-12-10 18:53:31,403 - core.features - INFO - Matrice TF-IDF créée: 50 documents x 300 features
2025-12-10 18:53:31,403 - core.features - INFO - Densité de la matrice: 0.0669
2025-12-10 18:53:31,405 - core.features - INFO - Features sauvegardées: data/processed/features.npz
2025-12-10 18:53:31,411 - core.features - INFO - Vectorizer sauvegardé: data/models/vectorizer.pkl
2025-12-10 18:53:31,411 - __main__ - INFO - Entraînement du modèle ML...
2025-12-10 18:53:31,411 - core.model - INFO - Entraînement K-Means avec 5 clusters...
2025-12-10 18:53:35,255 - core.model - INFO - Clustering terminé. Silhouette score: 0.014
2025-12-10 18:53:35,255 - core.model - INFO - Distribution des clusters: Counter({np.int32(0): 19, np.int32(2): 16, np.int32(1): 15})
2025-12-10 18:53:35,255 - core.model - INFO - Analyse des clusters terminée pour 3 clusters
2025-12-10 18:53:35,256 - core.model - INFO - Modèle sauvegardé: data/models/model.pkl
2025-12-10 18:53:35,256 - core.model - INFO - Résultats sauvegardés: data/processed/ml_results.json
2025-12-10 18:53:35,258 - __main__ - INFO - Test du système de recommandation...
2025-12-10 18:53:35,267 - core.recommender - INFO - Modèles chargés: 50 films disponibles
2025-12-10 18:53:35,267 - core.recommender - INFO - Recherche de films similaires à: 'dangerous battle brutal crime'
2025-12-10 18:53:35,271 - core.recommender - INFO - Scores min/max/mean: 0.000/0.198/0.024
2025-12-10 18:53:35,271 - core.recommender - INFO - Top 3 recommandations trouvées
2025-12-10 18:53:35,271 - core.recommender - INFO - Recherche de films similaires à: 'love family daughter life'
2025-12-10 18:53:35,276 - core.recommender - INFO - Scores min/max/mean: 0.000/0.299/0.053
2025-12-10 18:53:35,276 - core.recommender - INFO - Top 3 recommandations trouvées
2025-12-10 18:53:35,276 - core.recommender - INFO - Recherche de films similaires à: 'breaking bad criminal world'
2025-12-10 18:53:35,280 - core.recommender - INFO - Scores min/max/mean: 0.000/0.411/0.022
2025-12-10 18:53:35,280 - core.recommender - INFO - Top 3 recommandations trouvées
2025-12-10 18:53:35,280 - core.recommender - INFO - Recherche de films similaires à: 'confront dangerous past city'
2025-12-10 18:53:35,283 - core.recommender - INFO - Scores min/max/mean: 0.000/0.186/0.027
2025-12-10 18:53:35,285 - core.recommender - INFO - Top 3 recommandations trouvées
2025-12-10 18:53:35,285 - core.recommender - INFO - Rapport de recommandations créé
2025-12-10 18:53:35,285 - __main__ - INFO - ✅ Pipeline ML terminé
2025-12-10 18:53:35,285 - __main__ - INFO - === ÉTAPE 3: ANALYTICS & VISUALISATION ===
2025-12-10 18:53:35,621 - __main__ - INFO - Génération des visualisations...
2025-12-10 18:53:35,622 - core.viz - INFO - === Module viz.py - À IMPLÉMENTER PAR LYES ===
2025-12-10 18:53:35,622 - core.viz - WARNING - ⚠️  Les visualisations ne sont pas encore générées.
2025-12-10 18:53:35,622 - core.viz - WARNING - ⚠️  Lyes doit implémenter les fonctions de ce module.
2025-12-10 18:53:35,622 - __main__ - INFO - ✅ Pipeline analytics terminé
2025-12-10 18:53:35,622 - __main__ - INFO - === GÉNÉRATION DU RAPPORT FINAL ===
2025-12-10 18:53:35,622 - __main__ - ERROR - ❌ Erreur génération rapport final: [Errno 2] No such file or directory: 'reports/summary.json'
2025-12-10 18:56:56,573 - __main__ - INFO - Structure de répertoires vérifiée
2025-12-10 18:56:56,573 - __main__ - INFO - === ÉTAPE 1: PIPELINE DE DONNÉES ===
2025-12-10 18:56:57,656 - __main__ - INFO - Collecte des données depuis les APIs...
2025-12-10 18:56:57,658 - core.fetcher - INFO - === Début de la collecte API ===
2025-12-10 18:56:57,658 - core.fetcher - INFO - Collecte TMDb...
2025-12-10 18:56:57,658 - core.fetcher - ERROR - TMDB_API_KEY manquante (None). Vérifie ton fichier .env.
2025-12-10 18:56:57,658 - core.fetcher - INFO - TMDb: 0 éléments récupérés
2025-12-10 18:56:57,658 - core.fetcher - INFO - Collecte OMDb...
2025-12-10 18:56:57,658 - core.fetcher - ERROR - OMDB_API_KEY manquante (None). Vérifie ton fichier .env.
2025-12-10 18:56:57,658 - core.fetcher - INFO - OMDb: 0 éléments récupérés
2025-12-10 18:56:57,658 - core.fetcher - INFO - Collecte TVMaze...
2025-12-10 18:56:57,787 - core.fetcher - INFO - FETCH tvmaze - https://api.tvmaze.com/shows/1 - status=200 latency=0.130s
2025-12-10 18:56:57,878 - core.fetcher - INFO - FETCH tvmaze - https://api.tvmaze.com/shows/82 - status=200 latency=0.089s
2025-12-10 18:56:57,967 - core.fetcher - INFO - FETCH tvmaze - https://api.tvmaze.com/shows/431 - status=200 latency=0.088s
2025-12-10 18:56:58,054 - core.fetcher - INFO - FETCH tvmaze - https://api.tvmaze.com/shows/169 - status=200 latency=0.087s
2025-12-10 18:56:58,143 - core.fetcher - INFO - FETCH tvmaze - https://api.tvmaze.com/shows/143 - status=200 latency=0.089s
2025-12-10 18:56:58,143 - core.fetcher - INFO - Données brutes sauvegardées dans data\raw\tvmaze_shows_raw.json
2025-12-10 18:56:58,145 - core.fetcher - INFO - TVMaze: 5 éléments récupérés
2025-12-10 18:56:58,145 - core.fetcher - INFO - Stats API sauvegardées : data\raw\api_stats.json
2025-12-10 18:56:58,145 - core.fetcher - INFO - === Collecte terminée ===
2025-12-10 18:56:58,145 - __main__ - INFO - Nettoyage et structuration des données...
2025-12-10 18:56:58,146 - core.cleaner - INFO - TMDb nettoyé : 40 enregistrements
2025-12-10 18:56:58,147 - core.cleaner - INFO - OMDb nettoyé : 5 enregistrements
2025-12-10 18:56:58,160 - core.cleaner - INFO - TVMaze nettoyé : 5 enregistrements
2025-12-10 18:56:58,160 - core.cleaner - INFO - Total enregistrements nettoyés : 50
2025-12-10 18:56:58,163 - core.cleaner - INFO - Format ML sauvegardé : data\processed\clean_data_ml.json
2025-12-10 18:56:58,163 - __main__ - INFO - ✅ Pipeline de données terminé
2025-12-10 18:56:58,163 - __main__ - INFO - === ÉTAPE 2: MACHINE LEARNING ===
2025-12-10 18:56:58,319 - __main__ - INFO - Extraction des features TF-IDF...
2025-12-10 18:56:58,328 - core.features - INFO - Données chargées: 50 textes de 3 sources
2025-12-10 18:56:58,328 - core.features - INFO - Création de la matrice TF-IDF...
2025-12-10 18:56:58,334 - core.features - INFO - Matrice TF-IDF créée: 50 documents x 300 features
2025-12-10 18:56:58,334 - core.features - INFO - Densité de la matrice: 0.0669
2025-12-10 18:56:58,337 - core.features - INFO - Features sauvegardées: data/processed/features.npz
2025-12-10 18:56:58,343 - core.features - INFO - Vectorizer sauvegardé: data/models/vectorizer.pkl
2025-12-10 18:56:58,343 - __main__ - INFO - Entraînement du modèle ML...
2025-12-10 18:56:58,343 - core.model - INFO - Entraînement K-Means avec 5 clusters...
2025-12-10 18:57:03,425 - core.model - INFO - Clustering terminé. Silhouette score: 0.014
2025-12-10 18:57:03,425 - core.model - INFO - Distribution des clusters: Counter({np.int32(0): 19, np.int32(2): 16, np.int32(1): 15})
2025-12-10 18:57:03,426 - core.model - INFO - Analyse des clusters terminée pour 3 clusters
2025-12-10 18:57:03,426 - core.model - INFO - Modèle sauvegardé: data/models/model.pkl
2025-12-10 18:57:03,428 - core.model - INFO - Résultats sauvegardés: data/processed/ml_results.json
2025-12-10 18:57:03,428 - __main__ - INFO - Test du système de recommandation...
2025-12-10 18:57:03,437 - core.recommender - INFO - Modèles chargés: 50 films disponibles
2025-12-10 18:57:03,437 - core.recommender - INFO - Recherche de films similaires à: 'dangerous battle brutal crime'
2025-12-10 18:57:03,442 - core.recommender - INFO - Scores min/max/mean: 0.000/0.198/0.024
2025-12-10 18:57:03,442 - core.recommender - INFO - Top 3 recommandations trouvées
2025-12-10 18:57:03,442 - core.recommender - INFO - Recherche de films similaires à: 'love family daughter life'
2025-12-10 18:57:03,446 - core.recommender - INFO - Scores min/max/mean: 0.000/0.299/0.053
2025-12-10 18:57:03,446 - core.recommender - INFO - Top 3 recommandations trouvées
2025-12-10 18:57:03,446 - core.recommender - INFO - Recherche de films similaires à: 'breaking bad criminal world'
2025-12-10 18:57:03,451 - core.recommender - INFO - Scores min/max/mean: 0.000/0.411/0.022
2025-12-10 18:57:03,451 - core.recommender - INFO - Top 3 recommandations trouvées
2025-12-10 18:57:03,451 - core.recommender - INFO - Recherche de films similaires à: 'confront dangerous past city'
2025-12-10 18:57:03,455 - core.recommender - INFO - Scores min/max/mean: 0.000/0.186/0.027
2025-12-10 18:57:03,455 - core.recommender - INFO - Top 3 recommandations trouvées
2025-12-10 18:57:03,457 - core.recommender - INFO - Rapport de recommandations créé
2025-12-10 18:57:03,457 - __main__ - INFO - ✅ Pipeline ML terminé
2025-12-10 18:57:03,457 - __main__ - INFO - === ÉTAPE 3: ANALYTICS & VISUALISATION ===
2025-12-10 18:57:03,791 - __main__ - INFO - Calcul des KPIs et analyses...
2025-12-10 18:57:03,793 - core.analyzer - INFO - === Début de l'analyse (analyzer) ===
2025-12-10 18:57:03,802 - core.analyzer - INFO - clean_data chargé : 50 lignes, 6 colonnes
2025-12-10 18:57:03,805 - core.analyzer - INFO - KPIs de base calculés.
2025-12-10 18:57:03,805 - core.analyzer - INFO - Top 100 mots-clés calculés.
2025-12-10 18:57:03,806 - core.analyzer - INFO - summary.json sauvegardé : reports\summary.json
2025-12-10 18:57:03,809 - core.analyzer - INFO - keywords.csv sauvegardé : reports\keywords.csv
2025-12-10 18:57:03,809 - core.analyzer - INFO - === Analyse terminée ===
2025-12-10 18:57:03,809 - __main__ - INFO - Génération des visualisations...
2025-12-10 18:57:03,809 - core.viz - INFO - === Module viz.py - À IMPLÉMENTER PAR LYES ===
2025-12-10 18:57:03,809 - core.viz - WARNING - ⚠️  Les visualisations ne sont pas encore générées.
2025-12-10 18:57:03,809 - core.viz - WARNING - ⚠️  Lyes doit implémenter les fonctions de ce module.
2025-12-10 18:57:03,811 - __main__ - INFO - ✅ Pipeline analytics terminé
2025-12-10 18:57:03,811 - __main__ - INFO - === GÉNÉRATION DU RAPPORT FINAL ===
2025-12-10 18:57:03,818 - __main__ - INFO - ✅ Rapport final généré
2025-12-10 19:42:50,012 - __main__ - INFO - Structure de répertoires vérifiée
2025-12-10 19:42:50,013 - __main__ - INFO - === ÉTAPE 1: PIPELINE DE DONNÉES ===
2025-12-10 19:43:10,962 - __main__ - INFO - Collecte des données depuis les APIs...
2025-12-10 19:43:10,963 - core.fetcher - INFO - === Début de la collecte API ===
2025-12-10 19:43:10,963 - core.fetcher - INFO - Collecte TMDb...
2025-12-10 19:43:10,963 - core.fetcher - ERROR - TMDB_API_KEY manquante (None). Vérifie ton fichier .env.
2025-12-10 19:43:10,963 - core.fetcher - INFO - TMDb: 0 éléments récupérés
2025-12-10 19:43:10,963 - core.fetcher - INFO - Collecte OMDb...
2025-12-10 19:43:10,963 - core.fetcher - ERROR - OMDB_API_KEY manquante (None). Vérifie ton fichier .env.
2025-12-10 19:43:10,963 - core.fetcher - INFO - OMDb: 0 éléments récupérés
2025-12-10 19:43:10,963 - core.fetcher - INFO - Collecte TVMaze...
2025-12-10 19:43:11,211 - core.fetcher - INFO - FETCH tvmaze - https://api.tvmaze.com/shows/1 - status=200 latency=0.247s
2025-12-10 19:43:11,389 - core.fetcher - INFO - FETCH tvmaze - https://api.tvmaze.com/shows/82 - status=200 latency=0.175s
2025-12-10 19:43:11,564 - core.fetcher - INFO - FETCH tvmaze - https://api.tvmaze.com/shows/431 - status=200 latency=0.172s
2025-12-10 19:43:11,733 - core.fetcher - INFO - FETCH tvmaze - https://api.tvmaze.com/shows/169 - status=200 latency=0.166s
2025-12-10 19:43:11,894 - core.fetcher - INFO - FETCH tvmaze - https://api.tvmaze.com/shows/143 - status=200 latency=0.159s
2025-12-10 19:43:11,898 - core.fetcher - INFO - Données brutes sauvegardées dans data/raw/tvmaze_shows_raw.json
2025-12-10 19:43:11,899 - core.fetcher - INFO - TVMaze: 5 éléments récupérés
2025-12-10 19:43:11,899 - core.fetcher - INFO - Stats API sauvegardées : data/raw/api_stats.json
2025-12-10 19:43:11,899 - core.fetcher - INFO - === Collecte terminée ===
2025-12-10 19:43:11,900 - __main__ - INFO - Nettoyage et structuration des données...
2025-12-10 19:43:11,903 - core.cleaner - INFO - TMDb nettoyé : 40 enregistrements
2025-12-10 19:43:11,904 - core.cleaner - INFO - OMDb nettoyé : 5 enregistrements
2025-12-10 19:43:11,905 - core.cleaner - INFO - TVMaze nettoyé : 5 enregistrements
2025-12-10 19:43:11,905 - core.cleaner - INFO - Total enregistrements nettoyés : 50
2025-12-10 19:43:11,907 - core.cleaner - INFO - Format ML sauvegardé : data/processed/clean_data_ml.json
2025-12-10 19:43:11,907 - __main__ - INFO - ✅ Pipeline de données terminé
2025-12-10 19:43:11,907 - __main__ - INFO - === ÉTAPE 2: MACHINE LEARNING ===
2025-12-10 19:43:19,142 - __main__ - INFO - Extraction des features TF-IDF...
2025-12-10 19:43:19,142 - core.features - INFO - Données chargées: 50 textes de 3 sources
2025-12-10 19:43:19,143 - core.features - INFO - Création de la matrice TF-IDF...
2025-12-10 19:43:19,159 - core.features - INFO - Matrice TF-IDF créée: 50 documents x 300 features
2025-12-10 19:43:19,159 - core.features - INFO - Densité de la matrice: 0.0671
2025-12-10 19:43:19,162 - core.features - INFO - Features sauvegardées: data/processed/features.npz
2025-12-10 19:43:19,171 - core.features - INFO - Vectorizer sauvegardé: data/models/vectorizer.pkl
2025-12-10 19:43:19,171 - __main__ - INFO - Entraînement du modèle ML...
2025-12-10 19:43:19,171 - core.model - INFO - Entraînement K-Means avec 5 clusters...
2025-12-10 19:43:19,232 - core.model - INFO - Clustering terminé. Silhouette score: 0.016
2025-12-10 19:43:19,232 - core.model - INFO - Distribution des clusters: Counter({np.int32(1): 20, np.int32(2): 15, np.int32(0): 15})
2025-12-10 19:43:19,233 - core.model - INFO - Analyse des clusters terminée pour 3 clusters
2025-12-10 19:43:19,233 - core.model - INFO - Modèle sauvegardé: data/models/model.pkl
2025-12-10 19:43:19,234 - core.model - INFO - Résultats sauvegardés: data/processed/ml_results.json
2025-12-10 19:43:19,234 - __main__ - INFO - Test du système de recommandation...
2025-12-10 19:43:19,235 - core.recommender - INFO - Modèles chargés: 50 films disponibles
2025-12-10 19:43:19,235 - core.recommender - INFO - Recherche de films similaires à: 'dangerous battle brutal crime'
2025-12-10 19:43:19,237 - core.recommender - INFO - Scores min/max/mean: 0.000/0.257/0.024
2025-12-10 19:43:19,237 - core.recommender - INFO - Top 3 recommandations trouvées
2025-12-10 19:43:19,237 - core.recommender - INFO - Recherche de films similaires à: 'love family daughter life'
2025-12-10 19:43:19,239 - core.recommender - INFO - Scores min/max/mean: 0.000/0.245/0.052
2025-12-10 19:43:19,239 - core.recommender - INFO - Top 3 recommandations trouvées
2025-12-10 19:43:19,239 - core.recommender - INFO - Recherche de films similaires à: 'breaking bad criminal world'
2025-12-10 19:43:19,241 - core.recommender - INFO - Scores min/max/mean: 0.000/0.337/0.023
2025-12-10 19:43:19,241 - core.recommender - INFO - Top 3 recommandations trouvées
2025-12-10 19:43:19,242 - core.recommender - INFO - Recherche de films similaires à: 'confront dangerous past city'
2025-12-10 19:43:19,243 - core.recommender - INFO - Scores min/max/mean: 0.000/0.177/0.029
2025-12-10 19:43:19,243 - core.recommender - INFO - Top 3 recommandations trouvées
2025-12-10 19:43:19,244 - core.recommender - INFO - Rapport de recommandations créé
2025-12-10 19:43:19,244 - __main__ - INFO - ✅ Pipeline ML terminé
2025-12-10 19:43:19,244 - __main__ - INFO - === ÉTAPE 3: ANALYTICS & VISUALISATION ===
2025-12-10 19:43:23,115 - __main__ - INFO - Calcul des KPIs et analyses...
2025-12-10 19:43:23,115 - core.analyzer - INFO - === Début de l'analyse (analyzer) ===
2025-12-10 19:43:23,116 - core.analyzer - INFO - clean_data chargé : 50 lignes, 6 colonnes
2025-12-10 19:43:23,119 - core.analyzer - INFO - KPIs de base calculés.
2025-12-10 19:43:23,120 - core.analyzer - INFO - Top 100 mots-clés calculés.
2025-12-10 19:43:23,121 - core.analyzer - INFO - summary.json sauvegardé : reports/summary.json
2025-12-10 19:43:23,123 - core.analyzer - INFO - keywords.csv sauvegardé : reports/keywords.csv
2025-12-10 19:43:23,123 - core.analyzer - INFO - === Analyse terminée ===
2025-12-10 19:43:23,123 - __main__ - INFO - Génération des visualisations...
2025-12-10 19:43:23,123 - core.viz - INFO - === Début visualisations ===
2025-12-10 19:43:23,739 - core.viz - INFO - sources_bar.png créé
2025-12-10 19:43:23,937 - core.viz - INFO - top_keywords.png créé
2025-12-10 19:43:24,049 - core.viz - INFO - latency_box.png créé
2025-12-10 19:43:24,157 - core.viz - INFO - status_codes.png créé
2025-12-10 19:43:24,303 - core.viz - INFO - timeline_activity.png créé
2025-12-10 19:43:24,522 - core.viz - INFO - ml_clusters.png créé
2025-12-10 19:43:26,539 - core.viz - INFO - dashboard.pdf créé
2025-12-10 19:43:26,543 - core.viz - INFO - === Visualisations terminées ===
2025-12-10 19:43:26,543 - __main__ - INFO - ✅ Pipeline analytics terminé
2025-12-10 19:43:26,543 - __main__ - INFO - === GÉNÉRATION DU RAPPORT FINAL ===
2025-12-10 19:43:26,543 - __main__ - INFO - ✅ Rapport final généré
